In cycle 97: Write $0 Error
In cycle 104: Write $0 Error
In cycle 155: Write $0 Error
In cycle 190: Write $0 Error
In cycle 191: Write $0 Error
In cycle 192: Write $0 Error
In cycle 193: Write $0 Error
In cycle 194: Write $0 Error
In cycle 195: Write $0 Error
In cycle 197: Write $0 Error
In cycle 198: Write $0 Error
In cycle 199: Write $0 Error
In cycle 200: Write $0 Error
In cycle 201: Write $0 Error
In cycle 202: Write $0 Error
In cycle 203: Write $0 Error
In cycle 204: Write $0 Error
In cycle 205: Write $0 Error
In cycle 206: Write $0 Error
In cycle 207: Write $0 Error
In cycle 208: Write $0 Error
In cycle 209: Write $0 Error
In cycle 210: Write $0 Error
In cycle 250: Number Overflow
In cycle 251: Number Overflow
In cycle 252: Write $0 Error
In cycle 252: Number Overflow
In cycle 253: Number Overflow
In cycle 254: Number Overflow
In cycle 256: Number Overflow
In cycle 257: Number Overflow
In cycle 258: Write $0 Error
In cycle 259: Overwrite HI-LO registers
In cycle 262: Write $0 Error
In cycle 266: Number Overflow
In cycle 267: Address Overflow
In cycle 267: Misalignment Error
