In cycle 4: Number Overflow
In cycle 10: Number Overflow
In cycle 12: Write $0 Error
In cycle 13: Overwrite HI-LO registers
In cycle 16: Write $0 Error
In cycle 16: Overwrite HI-LO registers
In cycle 26: Write $0 Error
In cycle 26: Number Overflow
In cycle 27: Write $0 Error
In cycle 365: Number Overflow
In cycle 377: Overwrite HI-LO registers
In cycle 378: Overwrite HI-LO registers
In cycle 381: Write $0 Error
In cycle 388: Overwrite HI-LO registers
In cycle 391: Write $0 Error
In cycle 398: Overwrite HI-LO registers
In cycle 401: Write $0 Error
In cycle 408: Overwrite HI-LO registers
In cycle 411: Write $0 Error
In cycle 418: Overwrite HI-LO registers
In cycle 421: Write $0 Error
In cycle 428: Overwrite HI-LO registers
In cycle 431: Write $0 Error
In cycle 438: Overwrite HI-LO registers
In cycle 441: Write $0 Error
In cycle 448: Overwrite HI-LO registers
In cycle 451: Write $0 Error
In cycle 458: Overwrite HI-LO registers
In cycle 461: Write $0 Error
In cycle 468: Overwrite HI-LO registers
In cycle 471: Write $0 Error
In cycle 478: Overwrite HI-LO registers
In cycle 481: Write $0 Error
In cycle 488: Overwrite HI-LO registers
In cycle 491: Write $0 Error
In cycle 498: Overwrite HI-LO registers
In cycle 501: Write $0 Error
In cycle 508: Overwrite HI-LO registers
In cycle 511: Write $0 Error
In cycle 518: Overwrite HI-LO registers
In cycle 521: Write $0 Error
In cycle 528: Overwrite HI-LO registers
In cycle 531: Write $0 Error
In cycle 538: Overwrite HI-LO registers
In cycle 541: Write $0 Error
In cycle 548: Overwrite HI-LO registers
In cycle 551: Write $0 Error
In cycle 558: Overwrite HI-LO registers
In cycle 561: Write $0 Error
In cycle 568: Overwrite HI-LO registers
In cycle 571: Write $0 Error
In cycle 578: Overwrite HI-LO registers
In cycle 581: Write $0 Error
In cycle 588: Overwrite HI-LO registers
In cycle 591: Write $0 Error
In cycle 598: Overwrite HI-LO registers
In cycle 601: Write $0 Error
In cycle 608: Overwrite HI-LO registers
In cycle 611: Write $0 Error
In cycle 618: Overwrite HI-LO registers
In cycle 621: Write $0 Error
In cycle 628: Overwrite HI-LO registers
In cycle 631: Write $0 Error
In cycle 638: Overwrite HI-LO registers
In cycle 641: Write $0 Error
In cycle 648: Overwrite HI-LO registers
In cycle 651: Write $0 Error
In cycle 658: Overwrite HI-LO registers
In cycle 661: Write $0 Error
In cycle 668: Overwrite HI-LO registers
In cycle 671: Write $0 Error
In cycle 678: Overwrite HI-LO registers
In cycle 681: Write $0 Error
In cycle 686: Number Overflow
In cycle 688: Overwrite HI-LO registers
In cycle 691: Write $0 Error
In cycle 698: Overwrite HI-LO registers
In cycle 701: Write $0 Error
In cycle 708: Overwrite HI-LO registers
In cycle 711: Write $0 Error
In cycle 718: Overwrite HI-LO registers
In cycle 721: Write $0 Error
In cycle 728: Overwrite HI-LO registers
In cycle 731: Write $0 Error
In cycle 738: Overwrite HI-LO registers
In cycle 741: Write $0 Error
In cycle 748: Overwrite HI-LO registers
In cycle 751: Write $0 Error
In cycle 758: Overwrite HI-LO registers
In cycle 761: Write $0 Error
In cycle 768: Overwrite HI-LO registers
In cycle 771: Write $0 Error
In cycle 778: Overwrite HI-LO registers
In cycle 781: Write $0 Error
In cycle 788: Overwrite HI-LO registers
In cycle 791: Write $0 Error
In cycle 798: Overwrite HI-LO registers
In cycle 801: Write $0 Error
In cycle 808: Overwrite HI-LO registers
In cycle 811: Write $0 Error
In cycle 818: Overwrite HI-LO registers
In cycle 821: Write $0 Error
In cycle 828: Overwrite HI-LO registers
In cycle 831: Write $0 Error
In cycle 838: Overwrite HI-LO registers
In cycle 841: Write $0 Error
In cycle 848: Overwrite HI-LO registers
In cycle 851: Write $0 Error
In cycle 858: Overwrite HI-LO registers
In cycle 861: Write $0 Error
In cycle 868: Overwrite HI-LO registers
In cycle 871: Write $0 Error
In cycle 878: Overwrite HI-LO registers
In cycle 881: Write $0 Error
In cycle 888: Overwrite HI-LO registers
In cycle 891: Write $0 Error
In cycle 898: Overwrite HI-LO registers
In cycle 901: Write $0 Error
In cycle 908: Overwrite HI-LO registers
In cycle 911: Write $0 Error
In cycle 918: Overwrite HI-LO registers
In cycle 921: Write $0 Error
In cycle 928: Overwrite HI-LO registers
In cycle 931: Write $0 Error
In cycle 938: Overwrite HI-LO registers
In cycle 941: Write $0 Error
In cycle 948: Overwrite HI-LO registers
In cycle 951: Write $0 Error
In cycle 958: Overwrite HI-LO registers
In cycle 961: Write $0 Error
In cycle 968: Overwrite HI-LO registers
In cycle 971: Write $0 Error
In cycle 978: Overwrite HI-LO registers
In cycle 981: Write $0 Error
In cycle 988: Overwrite HI-LO registers
In cycle 991: Write $0 Error
In cycle 998: Overwrite HI-LO registers
In cycle 1001: Write $0 Error
In cycle 1008: Overwrite HI-LO registers
In cycle 1011: Write $0 Error
In cycle 1018: Overwrite HI-LO registers
In cycle 1021: Write $0 Error
In cycle 1028: Overwrite HI-LO registers
In cycle 1031: Write $0 Error
In cycle 1038: Overwrite HI-LO registers
In cycle 1041: Write $0 Error
In cycle 1048: Overwrite HI-LO registers
In cycle 1051: Write $0 Error
In cycle 1058: Overwrite HI-LO registers
In cycle 1061: Write $0 Error
In cycle 1068: Overwrite HI-LO registers
In cycle 1071: Write $0 Error
In cycle 1078: Overwrite HI-LO registers
In cycle 1081: Write $0 Error
In cycle 1088: Overwrite HI-LO registers
In cycle 1091: Write $0 Error
In cycle 1098: Overwrite HI-LO registers
In cycle 1101: Write $0 Error
In cycle 1108: Overwrite HI-LO registers
In cycle 1111: Write $0 Error
In cycle 1118: Overwrite HI-LO registers
In cycle 1121: Write $0 Error
In cycle 1128: Overwrite HI-LO registers
In cycle 1131: Write $0 Error
In cycle 1138: Overwrite HI-LO registers
In cycle 1141: Write $0 Error
In cycle 1148: Overwrite HI-LO registers
In cycle 1151: Write $0 Error
In cycle 1158: Overwrite HI-LO registers
In cycle 1161: Write $0 Error
In cycle 1168: Overwrite HI-LO registers
In cycle 1171: Write $0 Error
In cycle 1178: Overwrite HI-LO registers
In cycle 1181: Write $0 Error
In cycle 1188: Overwrite HI-LO registers
In cycle 1191: Write $0 Error
In cycle 1198: Overwrite HI-LO registers
In cycle 1201: Write $0 Error
In cycle 1208: Overwrite HI-LO registers
In cycle 1211: Write $0 Error
In cycle 1218: Overwrite HI-LO registers
In cycle 1221: Write $0 Error
In cycle 1228: Overwrite HI-LO registers
In cycle 1231: Write $0 Error
In cycle 1238: Overwrite HI-LO registers
In cycle 1241: Write $0 Error
In cycle 1248: Overwrite HI-LO registers
In cycle 1251: Write $0 Error
In cycle 1258: Overwrite HI-LO registers
In cycle 1261: Write $0 Error
In cycle 1268: Overwrite HI-LO registers
In cycle 1271: Write $0 Error
In cycle 1278: Overwrite HI-LO registers
In cycle 1281: Write $0 Error
In cycle 1288: Overwrite HI-LO registers
In cycle 1291: Write $0 Error
In cycle 1298: Overwrite HI-LO registers
In cycle 1301: Write $0 Error
In cycle 1308: Overwrite HI-LO registers
In cycle 1311: Write $0 Error
In cycle 1318: Overwrite HI-LO registers
In cycle 1321: Write $0 Error
In cycle 1328: Overwrite HI-LO registers
In cycle 1331: Write $0 Error
In cycle 1338: Overwrite HI-LO registers
In cycle 1341: Write $0 Error
In cycle 1348: Overwrite HI-LO registers
In cycle 1351: Write $0 Error
In cycle 1358: Overwrite HI-LO registers
In cycle 1361: Write $0 Error
In cycle 1368: Overwrite HI-LO registers
In cycle 1371: Write $0 Error
In cycle 1378: Overwrite HI-LO registers
In cycle 1381: Write $0 Error
In cycle 1388: Overwrite HI-LO registers
In cycle 1391: Write $0 Error
In cycle 1398: Overwrite HI-LO registers
In cycle 1401: Write $0 Error
In cycle 1408: Overwrite HI-LO registers
In cycle 1411: Write $0 Error
In cycle 1418: Overwrite HI-LO registers
In cycle 1421: Write $0 Error
In cycle 1428: Overwrite HI-LO registers
In cycle 1431: Write $0 Error
In cycle 1438: Overwrite HI-LO registers
In cycle 1441: Write $0 Error
In cycle 1448: Overwrite HI-LO registers
In cycle 1451: Write $0 Error
In cycle 1458: Overwrite HI-LO registers
In cycle 1461: Write $0 Error
In cycle 1468: Overwrite HI-LO registers
In cycle 1471: Write $0 Error
In cycle 1478: Overwrite HI-LO registers
In cycle 1481: Write $0 Error
In cycle 1488: Overwrite HI-LO registers
In cycle 1491: Write $0 Error
In cycle 1498: Overwrite HI-LO registers
In cycle 1501: Write $0 Error
In cycle 1508: Overwrite HI-LO registers
In cycle 1511: Write $0 Error
In cycle 1518: Overwrite HI-LO registers
In cycle 1521: Write $0 Error
In cycle 1528: Overwrite HI-LO registers
In cycle 1531: Write $0 Error
In cycle 1538: Overwrite HI-LO registers
In cycle 1541: Write $0 Error
In cycle 1548: Overwrite HI-LO registers
In cycle 1551: Write $0 Error
In cycle 1558: Overwrite HI-LO registers
In cycle 1561: Write $0 Error
In cycle 1568: Overwrite HI-LO registers
In cycle 1571: Write $0 Error
In cycle 1578: Overwrite HI-LO registers
In cycle 1581: Write $0 Error
In cycle 1588: Overwrite HI-LO registers
In cycle 1591: Write $0 Error
In cycle 1598: Overwrite HI-LO registers
In cycle 1601: Write $0 Error
In cycle 1608: Overwrite HI-LO registers
In cycle 1611: Write $0 Error
In cycle 1618: Overwrite HI-LO registers
In cycle 1621: Write $0 Error
In cycle 1628: Overwrite HI-LO registers
In cycle 1631: Write $0 Error
In cycle 1638: Overwrite HI-LO registers
In cycle 1641: Write $0 Error
In cycle 1648: Overwrite HI-LO registers
In cycle 1651: Write $0 Error
In cycle 1658: Overwrite HI-LO registers
In cycle 1661: Write $0 Error
In cycle 1668: Overwrite HI-LO registers
In cycle 1671: Write $0 Error
In cycle 1678: Overwrite HI-LO registers
In cycle 1681: Write $0 Error
In cycle 1688: Overwrite HI-LO registers
In cycle 1691: Write $0 Error
In cycle 1698: Overwrite HI-LO registers
In cycle 1701: Write $0 Error
In cycle 1708: Overwrite HI-LO registers
In cycle 1711: Write $0 Error
In cycle 1718: Overwrite HI-LO registers
In cycle 1721: Write $0 Error
In cycle 1728: Overwrite HI-LO registers
In cycle 1731: Write $0 Error
In cycle 1738: Overwrite HI-LO registers
In cycle 1741: Write $0 Error
In cycle 1748: Overwrite HI-LO registers
In cycle 1751: Write $0 Error
In cycle 1758: Overwrite HI-LO registers
In cycle 1761: Write $0 Error
In cycle 1768: Overwrite HI-LO registers
In cycle 1771: Write $0 Error
In cycle 1778: Overwrite HI-LO registers
In cycle 1781: Write $0 Error
In cycle 1788: Overwrite HI-LO registers
In cycle 1791: Write $0 Error
In cycle 1798: Overwrite HI-LO registers
In cycle 1801: Write $0 Error
In cycle 1808: Overwrite HI-LO registers
In cycle 1811: Write $0 Error
In cycle 1818: Overwrite HI-LO registers
In cycle 1821: Write $0 Error
In cycle 1828: Overwrite HI-LO registers
In cycle 1831: Write $0 Error
In cycle 1838: Overwrite HI-LO registers
In cycle 1841: Write $0 Error
In cycle 1848: Overwrite HI-LO registers
In cycle 1851: Write $0 Error
In cycle 1858: Overwrite HI-LO registers
In cycle 1861: Write $0 Error
In cycle 1868: Overwrite HI-LO registers
In cycle 1871: Write $0 Error
In cycle 1878: Overwrite HI-LO registers
In cycle 1881: Write $0 Error
In cycle 1888: Overwrite HI-LO registers
In cycle 1891: Write $0 Error
In cycle 1898: Overwrite HI-LO registers
In cycle 1901: Write $0 Error
In cycle 1908: Overwrite HI-LO registers
In cycle 1911: Write $0 Error
In cycle 1918: Overwrite HI-LO registers
In cycle 1921: Write $0 Error
In cycle 1928: Overwrite HI-LO registers
In cycle 1931: Write $0 Error
In cycle 1938: Overwrite HI-LO registers
In cycle 1941: Write $0 Error
In cycle 1948: Overwrite HI-LO registers
In cycle 1951: Write $0 Error
In cycle 1958: Overwrite HI-LO registers
In cycle 1961: Write $0 Error
In cycle 1968: Overwrite HI-LO registers
In cycle 1971: Write $0 Error
In cycle 1978: Overwrite HI-LO registers
In cycle 1981: Write $0 Error
In cycle 1988: Overwrite HI-LO registers
In cycle 1991: Write $0 Error
In cycle 1998: Overwrite HI-LO registers
In cycle 2001: Write $0 Error
In cycle 2008: Overwrite HI-LO registers
In cycle 2011: Write $0 Error
In cycle 2018: Overwrite HI-LO registers
In cycle 2021: Write $0 Error
In cycle 2028: Overwrite HI-LO registers
In cycle 2031: Write $0 Error
In cycle 2038: Overwrite HI-LO registers
In cycle 2041: Write $0 Error
In cycle 2048: Overwrite HI-LO registers
In cycle 2051: Write $0 Error
In cycle 2058: Overwrite HI-LO registers
In cycle 2061: Write $0 Error
In cycle 2068: Overwrite HI-LO registers
In cycle 2071: Write $0 Error
In cycle 2078: Overwrite HI-LO registers
In cycle 2081: Write $0 Error
In cycle 2088: Overwrite HI-LO registers
In cycle 2091: Write $0 Error
In cycle 2098: Overwrite HI-LO registers
In cycle 2101: Write $0 Error
In cycle 2108: Overwrite HI-LO registers
In cycle 2111: Write $0 Error
In cycle 2118: Overwrite HI-LO registers
In cycle 2121: Write $0 Error
In cycle 2128: Overwrite HI-LO registers
In cycle 2131: Write $0 Error
In cycle 2138: Overwrite HI-LO registers
In cycle 2141: Write $0 Error
In cycle 2148: Overwrite HI-LO registers
In cycle 2151: Write $0 Error
In cycle 2158: Overwrite HI-LO registers
In cycle 2161: Write $0 Error
In cycle 2168: Overwrite HI-LO registers
In cycle 2171: Write $0 Error
In cycle 2178: Overwrite HI-LO registers
In cycle 2181: Write $0 Error
In cycle 2188: Overwrite HI-LO registers
In cycle 2191: Write $0 Error
In cycle 2198: Overwrite HI-LO registers
In cycle 2201: Write $0 Error
In cycle 2208: Overwrite HI-LO registers
In cycle 2211: Write $0 Error
In cycle 2218: Overwrite HI-LO registers
In cycle 2221: Write $0 Error
In cycle 2228: Overwrite HI-LO registers
In cycle 2231: Write $0 Error
In cycle 2238: Overwrite HI-LO registers
In cycle 2241: Write $0 Error
In cycle 2248: Overwrite HI-LO registers
In cycle 2251: Write $0 Error
In cycle 2258: Overwrite HI-LO registers
In cycle 2261: Write $0 Error
In cycle 2268: Overwrite HI-LO registers
In cycle 2271: Write $0 Error
In cycle 2278: Overwrite HI-LO registers
In cycle 2281: Write $0 Error
In cycle 2288: Overwrite HI-LO registers
In cycle 2291: Write $0 Error
In cycle 2298: Overwrite HI-LO registers
In cycle 2301: Write $0 Error
In cycle 2308: Overwrite HI-LO registers
In cycle 2311: Write $0 Error
In cycle 2318: Overwrite HI-LO registers
In cycle 2321: Write $0 Error
In cycle 2328: Overwrite HI-LO registers
In cycle 2331: Write $0 Error
In cycle 2338: Overwrite HI-LO registers
In cycle 2341: Write $0 Error
In cycle 2348: Overwrite HI-LO registers
In cycle 2351: Write $0 Error
In cycle 2358: Overwrite HI-LO registers
In cycle 2361: Write $0 Error
In cycle 2368: Overwrite HI-LO registers
In cycle 2371: Write $0 Error
In cycle 2378: Overwrite HI-LO registers
In cycle 2381: Write $0 Error
In cycle 2388: Overwrite HI-LO registers
In cycle 2391: Write $0 Error
In cycle 2398: Overwrite HI-LO registers
In cycle 2401: Write $0 Error
In cycle 2408: Overwrite HI-LO registers
In cycle 2411: Write $0 Error
In cycle 2418: Overwrite HI-LO registers
In cycle 2421: Write $0 Error
In cycle 2428: Overwrite HI-LO registers
In cycle 2431: Write $0 Error
In cycle 2438: Overwrite HI-LO registers
In cycle 2441: Write $0 Error
In cycle 2448: Overwrite HI-LO registers
In cycle 2451: Write $0 Error
In cycle 2458: Overwrite HI-LO registers
In cycle 2461: Write $0 Error
In cycle 2468: Overwrite HI-LO registers
In cycle 2471: Write $0 Error
In cycle 2478: Overwrite HI-LO registers
In cycle 2481: Write $0 Error
In cycle 2488: Overwrite HI-LO registers
In cycle 2491: Write $0 Error
In cycle 2498: Overwrite HI-LO registers
In cycle 2501: Write $0 Error
In cycle 2508: Overwrite HI-LO registers
In cycle 2511: Write $0 Error
In cycle 2518: Overwrite HI-LO registers
In cycle 2521: Write $0 Error
In cycle 2528: Overwrite HI-LO registers
In cycle 2531: Write $0 Error
In cycle 2538: Overwrite HI-LO registers
In cycle 2541: Write $0 Error
In cycle 2548: Overwrite HI-LO registers
In cycle 2551: Write $0 Error
In cycle 2558: Overwrite HI-LO registers
In cycle 2561: Write $0 Error
In cycle 2568: Overwrite HI-LO registers
In cycle 2571: Write $0 Error
In cycle 2578: Overwrite HI-LO registers
In cycle 2581: Write $0 Error
In cycle 2588: Overwrite HI-LO registers
In cycle 2591: Write $0 Error
In cycle 2598: Overwrite HI-LO registers
In cycle 2601: Write $0 Error
In cycle 2608: Overwrite HI-LO registers
In cycle 2611: Write $0 Error
In cycle 2618: Overwrite HI-LO registers
In cycle 2621: Write $0 Error
In cycle 2628: Overwrite HI-LO registers
In cycle 2631: Write $0 Error
In cycle 2638: Overwrite HI-LO registers
In cycle 2641: Write $0 Error
In cycle 2648: Overwrite HI-LO registers
In cycle 2651: Write $0 Error
In cycle 2658: Overwrite HI-LO registers
In cycle 2661: Write $0 Error
In cycle 2668: Overwrite HI-LO registers
In cycle 2671: Write $0 Error
In cycle 2678: Overwrite HI-LO registers
In cycle 2681: Write $0 Error
In cycle 2688: Overwrite HI-LO registers
In cycle 2691: Write $0 Error
In cycle 2698: Overwrite HI-LO registers
In cycle 2701: Write $0 Error
In cycle 2708: Overwrite HI-LO registers
In cycle 2711: Write $0 Error
In cycle 2718: Overwrite HI-LO registers
In cycle 2721: Write $0 Error
In cycle 2728: Overwrite HI-LO registers
In cycle 2731: Write $0 Error
In cycle 2738: Overwrite HI-LO registers
In cycle 2741: Write $0 Error
In cycle 2748: Overwrite HI-LO registers
In cycle 2751: Write $0 Error
In cycle 2758: Overwrite HI-LO registers
In cycle 2761: Write $0 Error
In cycle 2768: Overwrite HI-LO registers
In cycle 2771: Write $0 Error
In cycle 2778: Overwrite HI-LO registers
In cycle 2781: Write $0 Error
In cycle 2788: Overwrite HI-LO registers
In cycle 2791: Write $0 Error
In cycle 2798: Overwrite HI-LO registers
In cycle 2801: Write $0 Error
In cycle 2808: Overwrite HI-LO registers
In cycle 2811: Write $0 Error
In cycle 2818: Overwrite HI-LO registers
In cycle 2821: Write $0 Error
In cycle 2828: Overwrite HI-LO registers
In cycle 2831: Write $0 Error
In cycle 2838: Overwrite HI-LO registers
In cycle 2841: Write $0 Error
In cycle 2848: Overwrite HI-LO registers
In cycle 2851: Write $0 Error
In cycle 2858: Overwrite HI-LO registers
In cycle 2861: Write $0 Error
In cycle 2868: Overwrite HI-LO registers
In cycle 2871: Write $0 Error
In cycle 2878: Overwrite HI-LO registers
In cycle 2881: Write $0 Error
In cycle 2888: Overwrite HI-LO registers
In cycle 2891: Write $0 Error
In cycle 2898: Overwrite HI-LO registers
In cycle 2901: Write $0 Error
In cycle 2908: Overwrite HI-LO registers
In cycle 2911: Write $0 Error
In cycle 2918: Overwrite HI-LO registers
In cycle 2921: Write $0 Error
In cycle 2938: Write $0 Error
In cycle 2943: Address Overflow
In cycle 2943: Misalignment Error
