In cycle 15: Write $0 Error
In cycle 16: Write $0 Error
In cycle 17: Write $0 Error
In cycle 29: Overwrite HI-LO registers
In cycle 35: Write $0 Error
In cycle 36: Write $0 Error
In cycle 37: Write $0 Error
In cycle 48: Overwrite HI-LO registers
In cycle 49: Overwrite HI-LO registers
In cycle 55: Write $0 Error
In cycle 56: Write $0 Error
In cycle 57: Write $0 Error
In cycle 68: Overwrite HI-LO registers
In cycle 69: Overwrite HI-LO registers
In cycle 75: Write $0 Error
In cycle 76: Write $0 Error
In cycle 77: Write $0 Error
In cycle 88: Overwrite HI-LO registers
In cycle 89: Overwrite HI-LO registers
In cycle 95: Write $0 Error
In cycle 96: Write $0 Error
In cycle 97: Write $0 Error
In cycle 108: Overwrite HI-LO registers
In cycle 109: Overwrite HI-LO registers
In cycle 115: Write $0 Error
In cycle 116: Write $0 Error
In cycle 117: Write $0 Error
In cycle 128: Overwrite HI-LO registers
In cycle 129: Overwrite HI-LO registers
In cycle 135: Write $0 Error
In cycle 136: Write $0 Error
In cycle 137: Write $0 Error
In cycle 148: Overwrite HI-LO registers
In cycle 149: Overwrite HI-LO registers
In cycle 155: Write $0 Error
In cycle 156: Write $0 Error
In cycle 157: Write $0 Error
In cycle 168: Overwrite HI-LO registers
In cycle 169: Overwrite HI-LO registers
In cycle 175: Write $0 Error
In cycle 176: Write $0 Error
In cycle 177: Write $0 Error
In cycle 188: Overwrite HI-LO registers
In cycle 189: Overwrite HI-LO registers
In cycle 195: Write $0 Error
In cycle 196: Write $0 Error
In cycle 197: Write $0 Error
In cycle 208: Overwrite HI-LO registers
In cycle 209: Overwrite HI-LO registers
In cycle 215: Write $0 Error
In cycle 216: Write $0 Error
In cycle 217: Write $0 Error
In cycle 228: Overwrite HI-LO registers
In cycle 229: Overwrite HI-LO registers
In cycle 235: Write $0 Error
In cycle 236: Write $0 Error
In cycle 237: Write $0 Error
In cycle 248: Overwrite HI-LO registers
In cycle 249: Overwrite HI-LO registers
In cycle 255: Write $0 Error
In cycle 256: Write $0 Error
In cycle 257: Write $0 Error
In cycle 268: Overwrite HI-LO registers
In cycle 269: Overwrite HI-LO registers
In cycle 275: Write $0 Error
In cycle 276: Write $0 Error
In cycle 277: Write $0 Error
In cycle 288: Overwrite HI-LO registers
In cycle 289: Overwrite HI-LO registers
In cycle 295: Write $0 Error
In cycle 296: Write $0 Error
In cycle 297: Write $0 Error
In cycle 308: Overwrite HI-LO registers
In cycle 309: Overwrite HI-LO registers
In cycle 315: Write $0 Error
In cycle 316: Write $0 Error
In cycle 317: Write $0 Error
In cycle 328: Overwrite HI-LO registers
In cycle 329: Overwrite HI-LO registers
In cycle 335: Write $0 Error
In cycle 336: Write $0 Error
In cycle 337: Write $0 Error
In cycle 348: Overwrite HI-LO registers
In cycle 349: Overwrite HI-LO registers
In cycle 355: Write $0 Error
In cycle 356: Write $0 Error
In cycle 357: Write $0 Error
In cycle 368: Overwrite HI-LO registers
In cycle 369: Overwrite HI-LO registers
In cycle 375: Write $0 Error
In cycle 376: Write $0 Error
In cycle 377: Write $0 Error
In cycle 388: Overwrite HI-LO registers
In cycle 389: Overwrite HI-LO registers
In cycle 395: Write $0 Error
In cycle 396: Write $0 Error
In cycle 397: Write $0 Error
In cycle 408: Overwrite HI-LO registers
In cycle 409: Overwrite HI-LO registers
In cycle 415: Write $0 Error
In cycle 416: Write $0 Error
In cycle 417: Write $0 Error
In cycle 428: Overwrite HI-LO registers
In cycle 429: Overwrite HI-LO registers
In cycle 435: Write $0 Error
In cycle 436: Write $0 Error
In cycle 437: Write $0 Error
In cycle 448: Overwrite HI-LO registers
In cycle 449: Overwrite HI-LO registers
In cycle 455: Write $0 Error
In cycle 456: Write $0 Error
In cycle 457: Write $0 Error
In cycle 468: Overwrite HI-LO registers
In cycle 469: Overwrite HI-LO registers
In cycle 475: Write $0 Error
In cycle 476: Write $0 Error
In cycle 477: Write $0 Error
In cycle 488: Overwrite HI-LO registers
In cycle 489: Overwrite HI-LO registers
In cycle 495: Write $0 Error
In cycle 496: Write $0 Error
In cycle 497: Write $0 Error
In cycle 508: Overwrite HI-LO registers
In cycle 509: Overwrite HI-LO registers
In cycle 515: Write $0 Error
In cycle 516: Write $0 Error
In cycle 517: Write $0 Error
In cycle 528: Overwrite HI-LO registers
In cycle 529: Overwrite HI-LO registers
In cycle 535: Write $0 Error
In cycle 536: Write $0 Error
In cycle 537: Write $0 Error
In cycle 548: Overwrite HI-LO registers
In cycle 549: Overwrite HI-LO registers
In cycle 555: Write $0 Error
In cycle 556: Write $0 Error
In cycle 557: Write $0 Error
In cycle 568: Overwrite HI-LO registers
In cycle 569: Overwrite HI-LO registers
In cycle 575: Write $0 Error
In cycle 576: Write $0 Error
In cycle 577: Write $0 Error
In cycle 588: Overwrite HI-LO registers
In cycle 589: Overwrite HI-LO registers
In cycle 595: Write $0 Error
In cycle 596: Write $0 Error
In cycle 597: Write $0 Error
In cycle 608: Overwrite HI-LO registers
In cycle 609: Overwrite HI-LO registers
In cycle 615: Write $0 Error
In cycle 616: Write $0 Error
In cycle 617: Write $0 Error
In cycle 628: Overwrite HI-LO registers
In cycle 629: Overwrite HI-LO registers
In cycle 635: Write $0 Error
In cycle 636: Write $0 Error
In cycle 637: Write $0 Error
In cycle 648: Overwrite HI-LO registers
In cycle 649: Overwrite HI-LO registers
In cycle 655: Write $0 Error
In cycle 656: Write $0 Error
In cycle 657: Write $0 Error
In cycle 668: Overwrite HI-LO registers
In cycle 669: Overwrite HI-LO registers
In cycle 675: Write $0 Error
In cycle 676: Write $0 Error
In cycle 677: Write $0 Error
In cycle 688: Overwrite HI-LO registers
In cycle 689: Overwrite HI-LO registers
In cycle 695: Write $0 Error
In cycle 696: Write $0 Error
In cycle 697: Write $0 Error
In cycle 708: Overwrite HI-LO registers
In cycle 709: Overwrite HI-LO registers
In cycle 715: Write $0 Error
In cycle 716: Write $0 Error
In cycle 717: Write $0 Error
In cycle 728: Overwrite HI-LO registers
In cycle 729: Overwrite HI-LO registers
In cycle 735: Write $0 Error
In cycle 736: Write $0 Error
In cycle 737: Write $0 Error
In cycle 748: Overwrite HI-LO registers
In cycle 749: Overwrite HI-LO registers
In cycle 755: Write $0 Error
In cycle 756: Write $0 Error
In cycle 757: Write $0 Error
In cycle 768: Overwrite HI-LO registers
In cycle 769: Overwrite HI-LO registers
In cycle 775: Write $0 Error
In cycle 776: Write $0 Error
In cycle 777: Write $0 Error
In cycle 788: Overwrite HI-LO registers
In cycle 789: Overwrite HI-LO registers
In cycle 795: Write $0 Error
In cycle 796: Write $0 Error
In cycle 797: Write $0 Error
In cycle 808: Overwrite HI-LO registers
In cycle 809: Overwrite HI-LO registers
In cycle 815: Write $0 Error
In cycle 816: Write $0 Error
In cycle 817: Write $0 Error
In cycle 828: Overwrite HI-LO registers
In cycle 829: Overwrite HI-LO registers
In cycle 835: Write $0 Error
In cycle 836: Write $0 Error
In cycle 837: Write $0 Error
In cycle 848: Overwrite HI-LO registers
In cycle 849: Overwrite HI-LO registers
In cycle 855: Write $0 Error
In cycle 856: Write $0 Error
In cycle 857: Write $0 Error
In cycle 868: Overwrite HI-LO registers
In cycle 869: Overwrite HI-LO registers
In cycle 875: Write $0 Error
In cycle 876: Write $0 Error
In cycle 877: Write $0 Error
In cycle 888: Overwrite HI-LO registers
In cycle 889: Overwrite HI-LO registers
In cycle 895: Write $0 Error
In cycle 896: Write $0 Error
In cycle 897: Write $0 Error
In cycle 908: Overwrite HI-LO registers
In cycle 909: Overwrite HI-LO registers
In cycle 915: Write $0 Error
In cycle 916: Write $0 Error
In cycle 917: Write $0 Error
In cycle 928: Overwrite HI-LO registers
In cycle 929: Overwrite HI-LO registers
In cycle 935: Write $0 Error
In cycle 936: Write $0 Error
In cycle 937: Write $0 Error
In cycle 948: Overwrite HI-LO registers
In cycle 949: Overwrite HI-LO registers
In cycle 955: Write $0 Error
In cycle 956: Write $0 Error
In cycle 957: Write $0 Error
In cycle 968: Overwrite HI-LO registers
In cycle 969: Overwrite HI-LO registers
In cycle 975: Write $0 Error
In cycle 976: Write $0 Error
In cycle 977: Write $0 Error
In cycle 988: Overwrite HI-LO registers
In cycle 989: Overwrite HI-LO registers
In cycle 995: Write $0 Error
In cycle 996: Write $0 Error
In cycle 997: Write $0 Error
In cycle 1008: Overwrite HI-LO registers
In cycle 1009: Overwrite HI-LO registers
In cycle 1015: Write $0 Error
In cycle 1016: Write $0 Error
In cycle 1017: Write $0 Error
In cycle 1028: Overwrite HI-LO registers
In cycle 1029: Overwrite HI-LO registers
In cycle 1035: Write $0 Error
In cycle 1036: Write $0 Error
In cycle 1037: Write $0 Error
In cycle 1048: Overwrite HI-LO registers
In cycle 1049: Overwrite HI-LO registers
In cycle 1055: Write $0 Error
In cycle 1056: Write $0 Error
In cycle 1057: Write $0 Error
In cycle 1068: Overwrite HI-LO registers
In cycle 1069: Overwrite HI-LO registers
In cycle 1075: Write $0 Error
In cycle 1076: Write $0 Error
In cycle 1077: Write $0 Error
In cycle 1088: Overwrite HI-LO registers
In cycle 1089: Overwrite HI-LO registers
In cycle 1095: Write $0 Error
In cycle 1096: Write $0 Error
In cycle 1097: Write $0 Error
In cycle 1108: Overwrite HI-LO registers
In cycle 1109: Overwrite HI-LO registers
In cycle 1115: Write $0 Error
In cycle 1116: Write $0 Error
In cycle 1117: Write $0 Error
In cycle 1128: Overwrite HI-LO registers
In cycle 1129: Overwrite HI-LO registers
In cycle 1135: Write $0 Error
In cycle 1136: Write $0 Error
In cycle 1137: Write $0 Error
In cycle 1148: Overwrite HI-LO registers
In cycle 1149: Overwrite HI-LO registers
In cycle 1155: Write $0 Error
In cycle 1156: Write $0 Error
In cycle 1157: Write $0 Error
In cycle 1168: Overwrite HI-LO registers
In cycle 1169: Overwrite HI-LO registers
In cycle 1175: Write $0 Error
In cycle 1176: Write $0 Error
In cycle 1177: Write $0 Error
In cycle 1188: Overwrite HI-LO registers
In cycle 1189: Overwrite HI-LO registers
In cycle 1195: Write $0 Error
In cycle 1196: Write $0 Error
In cycle 1197: Write $0 Error
In cycle 1208: Overwrite HI-LO registers
In cycle 1209: Overwrite HI-LO registers
In cycle 1215: Write $0 Error
In cycle 1216: Write $0 Error
In cycle 1217: Write $0 Error
In cycle 1228: Overwrite HI-LO registers
In cycle 1229: Overwrite HI-LO registers
In cycle 1235: Write $0 Error
In cycle 1236: Write $0 Error
In cycle 1237: Write $0 Error
In cycle 1248: Overwrite HI-LO registers
In cycle 1249: Overwrite HI-LO registers
In cycle 1255: Write $0 Error
In cycle 1256: Write $0 Error
In cycle 1257: Write $0 Error
In cycle 1268: Overwrite HI-LO registers
In cycle 1269: Overwrite HI-LO registers
In cycle 1275: Write $0 Error
In cycle 1276: Write $0 Error
In cycle 1277: Write $0 Error
In cycle 1288: Overwrite HI-LO registers
In cycle 1289: Overwrite HI-LO registers
In cycle 1295: Write $0 Error
In cycle 1296: Write $0 Error
In cycle 1297: Write $0 Error
In cycle 1308: Overwrite HI-LO registers
In cycle 1309: Overwrite HI-LO registers
In cycle 1315: Write $0 Error
In cycle 1316: Write $0 Error
In cycle 1317: Write $0 Error
In cycle 1328: Overwrite HI-LO registers
In cycle 1329: Overwrite HI-LO registers
In cycle 1335: Write $0 Error
In cycle 1336: Write $0 Error
In cycle 1337: Write $0 Error
In cycle 1348: Overwrite HI-LO registers
In cycle 1349: Overwrite HI-LO registers
In cycle 1355: Write $0 Error
In cycle 1356: Write $0 Error
In cycle 1357: Write $0 Error
In cycle 1368: Overwrite HI-LO registers
In cycle 1369: Overwrite HI-LO registers
In cycle 1375: Write $0 Error
In cycle 1376: Write $0 Error
In cycle 1377: Write $0 Error
In cycle 1388: Overwrite HI-LO registers
In cycle 1389: Overwrite HI-LO registers
In cycle 1395: Write $0 Error
In cycle 1396: Write $0 Error
In cycle 1397: Write $0 Error
In cycle 1408: Overwrite HI-LO registers
In cycle 1409: Overwrite HI-LO registers
In cycle 1415: Write $0 Error
In cycle 1416: Write $0 Error
In cycle 1417: Write $0 Error
In cycle 1428: Overwrite HI-LO registers
In cycle 1429: Overwrite HI-LO registers
In cycle 1435: Write $0 Error
In cycle 1436: Write $0 Error
In cycle 1437: Write $0 Error
In cycle 1448: Overwrite HI-LO registers
In cycle 1449: Overwrite HI-LO registers
In cycle 1455: Write $0 Error
In cycle 1456: Write $0 Error
In cycle 1457: Write $0 Error
In cycle 1468: Overwrite HI-LO registers
In cycle 1469: Overwrite HI-LO registers
In cycle 1475: Write $0 Error
In cycle 1476: Write $0 Error
In cycle 1477: Write $0 Error
In cycle 1488: Overwrite HI-LO registers
In cycle 1489: Overwrite HI-LO registers
In cycle 1495: Write $0 Error
In cycle 1496: Write $0 Error
In cycle 1497: Write $0 Error
In cycle 1508: Overwrite HI-LO registers
In cycle 1509: Overwrite HI-LO registers
In cycle 1515: Write $0 Error
In cycle 1516: Write $0 Error
In cycle 1517: Write $0 Error
In cycle 1528: Overwrite HI-LO registers
In cycle 1529: Overwrite HI-LO registers
In cycle 1535: Write $0 Error
In cycle 1536: Write $0 Error
In cycle 1537: Write $0 Error
In cycle 1548: Overwrite HI-LO registers
In cycle 1549: Overwrite HI-LO registers
In cycle 1555: Write $0 Error
In cycle 1556: Write $0 Error
In cycle 1557: Write $0 Error
In cycle 1568: Overwrite HI-LO registers
In cycle 1569: Overwrite HI-LO registers
In cycle 1575: Write $0 Error
In cycle 1576: Write $0 Error
In cycle 1577: Write $0 Error
In cycle 1588: Overwrite HI-LO registers
In cycle 1589: Overwrite HI-LO registers
In cycle 1595: Write $0 Error
In cycle 1596: Write $0 Error
In cycle 1597: Write $0 Error
In cycle 1608: Overwrite HI-LO registers
In cycle 1609: Overwrite HI-LO registers
In cycle 1615: Write $0 Error
In cycle 1616: Write $0 Error
In cycle 1617: Write $0 Error
In cycle 1628: Overwrite HI-LO registers
In cycle 1629: Overwrite HI-LO registers
In cycle 1635: Write $0 Error
In cycle 1636: Write $0 Error
In cycle 1637: Write $0 Error
In cycle 1648: Overwrite HI-LO registers
In cycle 1649: Overwrite HI-LO registers
In cycle 1655: Write $0 Error
In cycle 1656: Write $0 Error
In cycle 1657: Write $0 Error
In cycle 1668: Overwrite HI-LO registers
In cycle 1669: Overwrite HI-LO registers
In cycle 1675: Write $0 Error
In cycle 1676: Write $0 Error
In cycle 1677: Write $0 Error
In cycle 1688: Overwrite HI-LO registers
In cycle 1689: Overwrite HI-LO registers
In cycle 1695: Write $0 Error
In cycle 1696: Write $0 Error
In cycle 1697: Write $0 Error
In cycle 1708: Overwrite HI-LO registers
In cycle 1709: Overwrite HI-LO registers
In cycle 1715: Write $0 Error
In cycle 1716: Write $0 Error
In cycle 1717: Write $0 Error
In cycle 1728: Overwrite HI-LO registers
In cycle 1729: Overwrite HI-LO registers
In cycle 1735: Write $0 Error
In cycle 1736: Write $0 Error
In cycle 1737: Write $0 Error
In cycle 1748: Overwrite HI-LO registers
In cycle 1749: Overwrite HI-LO registers
In cycle 1755: Write $0 Error
In cycle 1756: Write $0 Error
In cycle 1757: Write $0 Error
In cycle 1768: Overwrite HI-LO registers
In cycle 1769: Overwrite HI-LO registers
In cycle 1775: Write $0 Error
In cycle 1776: Write $0 Error
In cycle 1777: Write $0 Error
In cycle 1788: Overwrite HI-LO registers
In cycle 1789: Overwrite HI-LO registers
In cycle 1795: Write $0 Error
In cycle 1796: Write $0 Error
In cycle 1797: Write $0 Error
In cycle 1808: Overwrite HI-LO registers
In cycle 1809: Overwrite HI-LO registers
In cycle 1815: Write $0 Error
In cycle 1816: Write $0 Error
In cycle 1817: Write $0 Error
In cycle 1828: Overwrite HI-LO registers
In cycle 1829: Overwrite HI-LO registers
In cycle 1835: Write $0 Error
In cycle 1836: Write $0 Error
In cycle 1837: Write $0 Error
In cycle 1848: Overwrite HI-LO registers
In cycle 1849: Overwrite HI-LO registers
In cycle 1855: Write $0 Error
In cycle 1856: Write $0 Error
In cycle 1857: Write $0 Error
In cycle 1868: Overwrite HI-LO registers
In cycle 1869: Overwrite HI-LO registers
In cycle 1875: Write $0 Error
In cycle 1876: Write $0 Error
In cycle 1877: Write $0 Error
In cycle 1888: Overwrite HI-LO registers
In cycle 1889: Overwrite HI-LO registers
In cycle 1895: Write $0 Error
In cycle 1896: Write $0 Error
In cycle 1897: Write $0 Error
In cycle 1908: Overwrite HI-LO registers
In cycle 1909: Overwrite HI-LO registers
In cycle 1915: Write $0 Error
In cycle 1916: Write $0 Error
In cycle 1917: Write $0 Error
In cycle 1928: Overwrite HI-LO registers
In cycle 1929: Overwrite HI-LO registers
In cycle 1935: Write $0 Error
In cycle 1936: Write $0 Error
In cycle 1937: Write $0 Error
In cycle 1948: Overwrite HI-LO registers
In cycle 1949: Overwrite HI-LO registers
In cycle 1955: Write $0 Error
In cycle 1956: Write $0 Error
In cycle 1957: Write $0 Error
In cycle 1968: Overwrite HI-LO registers
In cycle 1969: Overwrite HI-LO registers
In cycle 1975: Write $0 Error
In cycle 1976: Write $0 Error
In cycle 1977: Write $0 Error
In cycle 1988: Overwrite HI-LO registers
In cycle 1989: Overwrite HI-LO registers
In cycle 1995: Write $0 Error
In cycle 1996: Write $0 Error
In cycle 1997: Write $0 Error
In cycle 2008: Overwrite HI-LO registers
In cycle 2009: Overwrite HI-LO registers
In cycle 2015: Write $0 Error
In cycle 2016: Write $0 Error
In cycle 2017: Write $0 Error
In cycle 2028: Overwrite HI-LO registers
In cycle 2029: Overwrite HI-LO registers
In cycle 2035: Write $0 Error
In cycle 2036: Write $0 Error
In cycle 2037: Write $0 Error
In cycle 2048: Overwrite HI-LO registers
In cycle 2049: Overwrite HI-LO registers
In cycle 2055: Write $0 Error
In cycle 2056: Write $0 Error
In cycle 2057: Write $0 Error
In cycle 2068: Overwrite HI-LO registers
In cycle 2069: Overwrite HI-LO registers
In cycle 2075: Write $0 Error
In cycle 2076: Write $0 Error
In cycle 2077: Write $0 Error
In cycle 2088: Overwrite HI-LO registers
In cycle 2089: Overwrite HI-LO registers
In cycle 2095: Write $0 Error
In cycle 2096: Write $0 Error
In cycle 2097: Write $0 Error
In cycle 2108: Overwrite HI-LO registers
In cycle 2109: Overwrite HI-LO registers
In cycle 2115: Write $0 Error
In cycle 2116: Write $0 Error
In cycle 2117: Write $0 Error
In cycle 2128: Overwrite HI-LO registers
In cycle 2129: Overwrite HI-LO registers
In cycle 2135: Write $0 Error
In cycle 2136: Write $0 Error
In cycle 2137: Write $0 Error
In cycle 2148: Overwrite HI-LO registers
In cycle 2149: Overwrite HI-LO registers
In cycle 2155: Write $0 Error
In cycle 2156: Write $0 Error
In cycle 2157: Write $0 Error
In cycle 2168: Overwrite HI-LO registers
In cycle 2169: Overwrite HI-LO registers
In cycle 2175: Write $0 Error
In cycle 2176: Write $0 Error
In cycle 2177: Write $0 Error
In cycle 2188: Overwrite HI-LO registers
In cycle 2189: Overwrite HI-LO registers
In cycle 2195: Write $0 Error
In cycle 2196: Write $0 Error
In cycle 2197: Write $0 Error
In cycle 2208: Overwrite HI-LO registers
In cycle 2209: Overwrite HI-LO registers
In cycle 2215: Write $0 Error
In cycle 2216: Write $0 Error
In cycle 2217: Write $0 Error
In cycle 2228: Overwrite HI-LO registers
In cycle 2229: Overwrite HI-LO registers
In cycle 2235: Write $0 Error
In cycle 2236: Write $0 Error
In cycle 2237: Write $0 Error
In cycle 2248: Overwrite HI-LO registers
In cycle 2249: Overwrite HI-LO registers
In cycle 2255: Write $0 Error
In cycle 2256: Write $0 Error
In cycle 2257: Write $0 Error
In cycle 2268: Overwrite HI-LO registers
In cycle 2269: Overwrite HI-LO registers
In cycle 2275: Write $0 Error
In cycle 2276: Write $0 Error
In cycle 2277: Write $0 Error
In cycle 2288: Overwrite HI-LO registers
In cycle 2289: Overwrite HI-LO registers
In cycle 2295: Write $0 Error
In cycle 2296: Write $0 Error
In cycle 2297: Write $0 Error
In cycle 2308: Overwrite HI-LO registers
In cycle 2309: Overwrite HI-LO registers
In cycle 2315: Write $0 Error
In cycle 2316: Write $0 Error
In cycle 2317: Write $0 Error
In cycle 2328: Overwrite HI-LO registers
In cycle 2329: Overwrite HI-LO registers
In cycle 2335: Write $0 Error
In cycle 2336: Write $0 Error
In cycle 2337: Write $0 Error
In cycle 2348: Overwrite HI-LO registers
In cycle 2349: Overwrite HI-LO registers
In cycle 2355: Write $0 Error
In cycle 2356: Write $0 Error
In cycle 2357: Write $0 Error
In cycle 2368: Overwrite HI-LO registers
In cycle 2369: Overwrite HI-LO registers
In cycle 2375: Write $0 Error
In cycle 2376: Write $0 Error
In cycle 2377: Write $0 Error
In cycle 2388: Overwrite HI-LO registers
In cycle 2389: Overwrite HI-LO registers
In cycle 2395: Write $0 Error
In cycle 2396: Write $0 Error
In cycle 2397: Write $0 Error
In cycle 2408: Overwrite HI-LO registers
In cycle 2409: Overwrite HI-LO registers
In cycle 2415: Write $0 Error
In cycle 2416: Write $0 Error
In cycle 2417: Write $0 Error
In cycle 2428: Overwrite HI-LO registers
In cycle 2429: Overwrite HI-LO registers
In cycle 2435: Write $0 Error
In cycle 2436: Write $0 Error
In cycle 2437: Write $0 Error
In cycle 2448: Overwrite HI-LO registers
In cycle 2449: Overwrite HI-LO registers
In cycle 2455: Write $0 Error
In cycle 2456: Write $0 Error
In cycle 2457: Write $0 Error
In cycle 2468: Overwrite HI-LO registers
In cycle 2469: Overwrite HI-LO registers
In cycle 2475: Write $0 Error
In cycle 2476: Write $0 Error
In cycle 2477: Write $0 Error
In cycle 2488: Overwrite HI-LO registers
In cycle 2489: Overwrite HI-LO registers
In cycle 2495: Write $0 Error
In cycle 2496: Write $0 Error
In cycle 2497: Write $0 Error
In cycle 2508: Overwrite HI-LO registers
In cycle 2509: Overwrite HI-LO registers
In cycle 2515: Write $0 Error
In cycle 2516: Write $0 Error
In cycle 2517: Write $0 Error
In cycle 2528: Overwrite HI-LO registers
In cycle 2529: Overwrite HI-LO registers
In cycle 2535: Write $0 Error
In cycle 2536: Write $0 Error
In cycle 2537: Write $0 Error
In cycle 2548: Overwrite HI-LO registers
In cycle 2549: Overwrite HI-LO registers
In cycle 2555: Write $0 Error
In cycle 2556: Write $0 Error
In cycle 2557: Write $0 Error
In cycle 2568: Overwrite HI-LO registers
In cycle 2569: Overwrite HI-LO registers
In cycle 2575: Write $0 Error
In cycle 2576: Write $0 Error
In cycle 2577: Write $0 Error
In cycle 2588: Overwrite HI-LO registers
In cycle 2589: Overwrite HI-LO registers
In cycle 2595: Write $0 Error
In cycle 2596: Write $0 Error
In cycle 2597: Write $0 Error
In cycle 2608: Overwrite HI-LO registers
In cycle 2609: Overwrite HI-LO registers
In cycle 2615: Write $0 Error
In cycle 2616: Write $0 Error
In cycle 2617: Write $0 Error
In cycle 2628: Overwrite HI-LO registers
In cycle 2629: Overwrite HI-LO registers
In cycle 2635: Write $0 Error
In cycle 2636: Write $0 Error
In cycle 2637: Write $0 Error
In cycle 2648: Overwrite HI-LO registers
In cycle 2649: Overwrite HI-LO registers
In cycle 2655: Write $0 Error
In cycle 2656: Write $0 Error
In cycle 2657: Write $0 Error
In cycle 2668: Overwrite HI-LO registers
In cycle 2669: Overwrite HI-LO registers
In cycle 2675: Write $0 Error
In cycle 2676: Write $0 Error
In cycle 2677: Write $0 Error
In cycle 2688: Overwrite HI-LO registers
In cycle 2689: Overwrite HI-LO registers
In cycle 2695: Write $0 Error
In cycle 2696: Write $0 Error
In cycle 2697: Write $0 Error
In cycle 2708: Overwrite HI-LO registers
In cycle 2709: Overwrite HI-LO registers
In cycle 2715: Write $0 Error
In cycle 2716: Write $0 Error
In cycle 2717: Write $0 Error
In cycle 2728: Overwrite HI-LO registers
In cycle 2729: Overwrite HI-LO registers
In cycle 2735: Write $0 Error
In cycle 2736: Write $0 Error
In cycle 2737: Write $0 Error
In cycle 2748: Overwrite HI-LO registers
In cycle 2749: Overwrite HI-LO registers
In cycle 2755: Write $0 Error
In cycle 2756: Write $0 Error
In cycle 2757: Write $0 Error
In cycle 2768: Overwrite HI-LO registers
In cycle 2769: Overwrite HI-LO registers
In cycle 2775: Write $0 Error
In cycle 2776: Write $0 Error
In cycle 2777: Write $0 Error
In cycle 2788: Overwrite HI-LO registers
In cycle 2789: Overwrite HI-LO registers
In cycle 2795: Write $0 Error
In cycle 2796: Write $0 Error
In cycle 2797: Write $0 Error
In cycle 2808: Overwrite HI-LO registers
In cycle 2809: Overwrite HI-LO registers
In cycle 2815: Write $0 Error
In cycle 2816: Write $0 Error
In cycle 2817: Write $0 Error
In cycle 2828: Overwrite HI-LO registers
In cycle 2829: Overwrite HI-LO registers
In cycle 2835: Write $0 Error
In cycle 2836: Write $0 Error
In cycle 2837: Write $0 Error
In cycle 2848: Overwrite HI-LO registers
In cycle 2849: Overwrite HI-LO registers
In cycle 2855: Write $0 Error
In cycle 2856: Write $0 Error
In cycle 2857: Write $0 Error
In cycle 2868: Overwrite HI-LO registers
In cycle 2869: Overwrite HI-LO registers
In cycle 2875: Write $0 Error
In cycle 2876: Write $0 Error
In cycle 2877: Write $0 Error
In cycle 2888: Overwrite HI-LO registers
In cycle 2889: Overwrite HI-LO registers
In cycle 2895: Write $0 Error
In cycle 2896: Write $0 Error
In cycle 2897: Write $0 Error
In cycle 2908: Overwrite HI-LO registers
In cycle 2909: Overwrite HI-LO registers
In cycle 2915: Write $0 Error
In cycle 2916: Write $0 Error
In cycle 2917: Write $0 Error
In cycle 2928: Overwrite HI-LO registers
In cycle 2929: Overwrite HI-LO registers
In cycle 2935: Write $0 Error
In cycle 2936: Write $0 Error
In cycle 2937: Write $0 Error
In cycle 2948: Overwrite HI-LO registers
In cycle 2949: Overwrite HI-LO registers
In cycle 2955: Write $0 Error
In cycle 2956: Write $0 Error
In cycle 2957: Write $0 Error
In cycle 2968: Overwrite HI-LO registers
In cycle 2969: Overwrite HI-LO registers
In cycle 2975: Write $0 Error
In cycle 2976: Write $0 Error
In cycle 2977: Write $0 Error
In cycle 2988: Overwrite HI-LO registers
In cycle 2989: Overwrite HI-LO registers
In cycle 2995: Write $0 Error
In cycle 2996: Write $0 Error
In cycle 2997: Write $0 Error
In cycle 3009: Number Overflow
In cycle 3010: Address Overflow
In cycle 3010: Misalignment Error
