In cycle 8: Write $0 Error
In cycle 21: Write $0 Error
In cycle 22: Write $0 Error
In cycle 22: Overwrite HI-LO registers
In cycle 25: Write $0 Error
In cycle 28: Write $0 Error
In cycle 29: Write $0 Error
In cycle 33: Write $0 Error
In cycle 37: Number Overflow
In cycle 39: Overwrite HI-LO registers
In cycle 49: Write $0 Error
In cycle 50: Write $0 Error
In cycle 62: Write $0 Error
In cycle 75: Write $0 Error
In cycle 75: Overwrite HI-LO registers
In cycle 76: Write $0 Error
In cycle 76: Overwrite HI-LO registers
In cycle 79: Write $0 Error
In cycle 82: Write $0 Error
In cycle 83: Write $0 Error
In cycle 87: Write $0 Error
In cycle 91: Number Overflow
In cycle 93: Overwrite HI-LO registers
In cycle 103: Write $0 Error
In cycle 104: Write $0 Error
In cycle 116: Write $0 Error
In cycle 129: Write $0 Error
In cycle 129: Overwrite HI-LO registers
In cycle 130: Write $0 Error
In cycle 130: Overwrite HI-LO registers
In cycle 133: Write $0 Error
In cycle 136: Write $0 Error
In cycle 137: Write $0 Error
In cycle 141: Write $0 Error
In cycle 145: Number Overflow
In cycle 147: Overwrite HI-LO registers
In cycle 157: Write $0 Error
In cycle 158: Write $0 Error
In cycle 170: Write $0 Error
In cycle 183: Write $0 Error
In cycle 183: Overwrite HI-LO registers
In cycle 184: Write $0 Error
In cycle 184: Overwrite HI-LO registers
In cycle 187: Write $0 Error
In cycle 190: Write $0 Error
In cycle 191: Write $0 Error
In cycle 195: Write $0 Error
In cycle 199: Number Overflow
In cycle 201: Overwrite HI-LO registers
In cycle 211: Write $0 Error
In cycle 212: Write $0 Error
In cycle 224: Write $0 Error
In cycle 237: Write $0 Error
In cycle 237: Overwrite HI-LO registers
In cycle 238: Write $0 Error
In cycle 238: Overwrite HI-LO registers
In cycle 241: Write $0 Error
In cycle 244: Write $0 Error
In cycle 245: Write $0 Error
In cycle 249: Write $0 Error
In cycle 253: Number Overflow
In cycle 255: Overwrite HI-LO registers
In cycle 265: Write $0 Error
In cycle 266: Write $0 Error
In cycle 278: Write $0 Error
In cycle 291: Write $0 Error
In cycle 291: Overwrite HI-LO registers
In cycle 292: Write $0 Error
In cycle 292: Overwrite HI-LO registers
In cycle 295: Write $0 Error
In cycle 298: Write $0 Error
In cycle 299: Write $0 Error
In cycle 303: Write $0 Error
In cycle 307: Number Overflow
In cycle 309: Overwrite HI-LO registers
In cycle 319: Write $0 Error
In cycle 320: Write $0 Error
In cycle 332: Write $0 Error
In cycle 345: Write $0 Error
In cycle 345: Overwrite HI-LO registers
In cycle 346: Write $0 Error
In cycle 346: Overwrite HI-LO registers
In cycle 349: Write $0 Error
In cycle 352: Write $0 Error
In cycle 353: Write $0 Error
In cycle 357: Write $0 Error
In cycle 361: Number Overflow
In cycle 363: Overwrite HI-LO registers
In cycle 373: Write $0 Error
In cycle 374: Write $0 Error
In cycle 386: Write $0 Error
In cycle 399: Write $0 Error
In cycle 399: Overwrite HI-LO registers
In cycle 400: Write $0 Error
In cycle 400: Overwrite HI-LO registers
In cycle 403: Write $0 Error
In cycle 406: Write $0 Error
In cycle 407: Write $0 Error
In cycle 411: Write $0 Error
In cycle 415: Number Overflow
In cycle 417: Overwrite HI-LO registers
In cycle 427: Write $0 Error
In cycle 428: Write $0 Error
In cycle 440: Write $0 Error
In cycle 453: Write $0 Error
In cycle 453: Overwrite HI-LO registers
In cycle 454: Write $0 Error
In cycle 454: Overwrite HI-LO registers
In cycle 457: Write $0 Error
In cycle 460: Write $0 Error
In cycle 461: Write $0 Error
In cycle 465: Write $0 Error
In cycle 469: Number Overflow
In cycle 471: Overwrite HI-LO registers
In cycle 481: Write $0 Error
In cycle 482: Write $0 Error
In cycle 494: Write $0 Error
In cycle 507: Write $0 Error
In cycle 507: Overwrite HI-LO registers
In cycle 508: Write $0 Error
In cycle 508: Overwrite HI-LO registers
In cycle 511: Write $0 Error
In cycle 514: Write $0 Error
In cycle 515: Write $0 Error
In cycle 519: Write $0 Error
In cycle 523: Number Overflow
In cycle 525: Overwrite HI-LO registers
In cycle 535: Write $0 Error
In cycle 536: Write $0 Error
In cycle 548: Write $0 Error
In cycle 561: Write $0 Error
In cycle 561: Overwrite HI-LO registers
In cycle 562: Write $0 Error
In cycle 562: Overwrite HI-LO registers
In cycle 565: Write $0 Error
In cycle 568: Write $0 Error
In cycle 569: Write $0 Error
In cycle 573: Write $0 Error
In cycle 577: Number Overflow
In cycle 579: Overwrite HI-LO registers
In cycle 589: Write $0 Error
In cycle 590: Write $0 Error
In cycle 602: Write $0 Error
In cycle 615: Write $0 Error
In cycle 615: Overwrite HI-LO registers
In cycle 616: Write $0 Error
In cycle 616: Overwrite HI-LO registers
In cycle 619: Write $0 Error
In cycle 622: Write $0 Error
In cycle 623: Write $0 Error
In cycle 627: Write $0 Error
In cycle 631: Number Overflow
In cycle 633: Overwrite HI-LO registers
In cycle 643: Write $0 Error
In cycle 644: Write $0 Error
In cycle 656: Write $0 Error
In cycle 669: Write $0 Error
In cycle 669: Overwrite HI-LO registers
In cycle 670: Write $0 Error
In cycle 670: Overwrite HI-LO registers
In cycle 673: Write $0 Error
In cycle 676: Write $0 Error
In cycle 677: Write $0 Error
In cycle 681: Write $0 Error
In cycle 685: Number Overflow
In cycle 687: Overwrite HI-LO registers
In cycle 697: Write $0 Error
In cycle 698: Write $0 Error
In cycle 710: Write $0 Error
In cycle 723: Write $0 Error
In cycle 723: Overwrite HI-LO registers
In cycle 724: Write $0 Error
In cycle 724: Overwrite HI-LO registers
In cycle 727: Write $0 Error
In cycle 730: Write $0 Error
In cycle 731: Write $0 Error
In cycle 735: Write $0 Error
In cycle 739: Number Overflow
In cycle 741: Overwrite HI-LO registers
In cycle 751: Write $0 Error
In cycle 752: Write $0 Error
In cycle 764: Write $0 Error
In cycle 777: Write $0 Error
In cycle 777: Overwrite HI-LO registers
In cycle 778: Write $0 Error
In cycle 778: Overwrite HI-LO registers
In cycle 781: Write $0 Error
In cycle 784: Write $0 Error
In cycle 785: Write $0 Error
In cycle 789: Write $0 Error
In cycle 793: Number Overflow
In cycle 795: Overwrite HI-LO registers
In cycle 805: Write $0 Error
In cycle 806: Write $0 Error
In cycle 818: Write $0 Error
In cycle 831: Write $0 Error
In cycle 831: Overwrite HI-LO registers
In cycle 832: Write $0 Error
In cycle 832: Overwrite HI-LO registers
In cycle 835: Write $0 Error
In cycle 838: Write $0 Error
In cycle 839: Write $0 Error
In cycle 843: Write $0 Error
In cycle 847: Number Overflow
In cycle 849: Overwrite HI-LO registers
In cycle 859: Write $0 Error
In cycle 860: Write $0 Error
In cycle 872: Write $0 Error
In cycle 885: Write $0 Error
In cycle 885: Overwrite HI-LO registers
In cycle 886: Write $0 Error
In cycle 886: Overwrite HI-LO registers
In cycle 889: Write $0 Error
In cycle 892: Write $0 Error
In cycle 893: Write $0 Error
In cycle 897: Write $0 Error
In cycle 901: Number Overflow
In cycle 903: Overwrite HI-LO registers
In cycle 913: Write $0 Error
In cycle 914: Write $0 Error
In cycle 926: Write $0 Error
In cycle 939: Write $0 Error
In cycle 939: Overwrite HI-LO registers
In cycle 940: Write $0 Error
In cycle 940: Overwrite HI-LO registers
In cycle 943: Write $0 Error
In cycle 946: Write $0 Error
In cycle 947: Write $0 Error
In cycle 951: Write $0 Error
In cycle 955: Number Overflow
In cycle 957: Overwrite HI-LO registers
In cycle 967: Write $0 Error
In cycle 968: Write $0 Error
In cycle 980: Write $0 Error
In cycle 993: Write $0 Error
In cycle 993: Overwrite HI-LO registers
In cycle 994: Write $0 Error
In cycle 994: Overwrite HI-LO registers
In cycle 997: Write $0 Error
In cycle 1000: Write $0 Error
In cycle 1001: Write $0 Error
In cycle 1005: Write $0 Error
In cycle 1009: Number Overflow
In cycle 1011: Overwrite HI-LO registers
In cycle 1021: Write $0 Error
In cycle 1022: Write $0 Error
In cycle 1034: Write $0 Error
In cycle 1047: Write $0 Error
In cycle 1047: Overwrite HI-LO registers
In cycle 1048: Write $0 Error
In cycle 1048: Overwrite HI-LO registers
In cycle 1051: Write $0 Error
In cycle 1054: Write $0 Error
In cycle 1055: Write $0 Error
In cycle 1059: Write $0 Error
In cycle 1063: Number Overflow
In cycle 1065: Overwrite HI-LO registers
In cycle 1075: Write $0 Error
In cycle 1076: Write $0 Error
In cycle 1088: Write $0 Error
In cycle 1101: Write $0 Error
In cycle 1101: Overwrite HI-LO registers
In cycle 1102: Write $0 Error
In cycle 1102: Overwrite HI-LO registers
In cycle 1105: Write $0 Error
In cycle 1108: Write $0 Error
In cycle 1109: Write $0 Error
In cycle 1113: Write $0 Error
In cycle 1117: Number Overflow
In cycle 1119: Overwrite HI-LO registers
In cycle 1129: Write $0 Error
In cycle 1130: Write $0 Error
In cycle 1142: Write $0 Error
In cycle 1155: Write $0 Error
In cycle 1155: Overwrite HI-LO registers
In cycle 1156: Write $0 Error
In cycle 1156: Overwrite HI-LO registers
In cycle 1159: Write $0 Error
In cycle 1162: Write $0 Error
In cycle 1163: Write $0 Error
In cycle 1167: Write $0 Error
In cycle 1171: Number Overflow
In cycle 1173: Overwrite HI-LO registers
In cycle 1183: Write $0 Error
In cycle 1184: Write $0 Error
In cycle 1196: Write $0 Error
In cycle 1209: Write $0 Error
In cycle 1209: Overwrite HI-LO registers
In cycle 1210: Write $0 Error
In cycle 1210: Overwrite HI-LO registers
In cycle 1213: Write $0 Error
In cycle 1216: Write $0 Error
In cycle 1217: Write $0 Error
In cycle 1221: Write $0 Error
In cycle 1225: Number Overflow
In cycle 1227: Overwrite HI-LO registers
In cycle 1237: Write $0 Error
In cycle 1238: Write $0 Error
In cycle 1250: Write $0 Error
In cycle 1263: Write $0 Error
In cycle 1263: Overwrite HI-LO registers
In cycle 1264: Write $0 Error
In cycle 1264: Overwrite HI-LO registers
In cycle 1267: Write $0 Error
In cycle 1270: Write $0 Error
In cycle 1271: Write $0 Error
In cycle 1275: Write $0 Error
In cycle 1279: Number Overflow
In cycle 1281: Overwrite HI-LO registers
In cycle 1291: Write $0 Error
In cycle 1292: Write $0 Error
In cycle 1304: Write $0 Error
In cycle 1317: Write $0 Error
In cycle 1317: Overwrite HI-LO registers
In cycle 1318: Write $0 Error
In cycle 1318: Overwrite HI-LO registers
In cycle 1321: Write $0 Error
In cycle 1324: Write $0 Error
In cycle 1325: Write $0 Error
In cycle 1329: Write $0 Error
In cycle 1333: Number Overflow
In cycle 1335: Overwrite HI-LO registers
In cycle 1345: Write $0 Error
In cycle 1346: Write $0 Error
In cycle 1358: Write $0 Error
In cycle 1371: Write $0 Error
In cycle 1371: Overwrite HI-LO registers
In cycle 1372: Write $0 Error
In cycle 1372: Overwrite HI-LO registers
In cycle 1375: Write $0 Error
In cycle 1378: Write $0 Error
In cycle 1379: Write $0 Error
In cycle 1383: Write $0 Error
In cycle 1387: Number Overflow
In cycle 1389: Overwrite HI-LO registers
In cycle 1399: Write $0 Error
In cycle 1400: Write $0 Error
In cycle 1412: Write $0 Error
In cycle 1425: Write $0 Error
In cycle 1425: Overwrite HI-LO registers
In cycle 1426: Write $0 Error
In cycle 1426: Overwrite HI-LO registers
In cycle 1429: Write $0 Error
In cycle 1432: Write $0 Error
In cycle 1433: Write $0 Error
In cycle 1437: Write $0 Error
In cycle 1441: Number Overflow
In cycle 1443: Overwrite HI-LO registers
In cycle 1453: Write $0 Error
In cycle 1454: Write $0 Error
In cycle 1466: Write $0 Error
In cycle 1479: Write $0 Error
In cycle 1479: Overwrite HI-LO registers
In cycle 1480: Write $0 Error
In cycle 1480: Overwrite HI-LO registers
In cycle 1483: Write $0 Error
In cycle 1486: Write $0 Error
In cycle 1487: Write $0 Error
In cycle 1491: Write $0 Error
In cycle 1495: Number Overflow
In cycle 1497: Overwrite HI-LO registers
In cycle 1507: Write $0 Error
In cycle 1508: Write $0 Error
In cycle 1520: Write $0 Error
In cycle 1533: Write $0 Error
In cycle 1533: Overwrite HI-LO registers
In cycle 1534: Write $0 Error
In cycle 1534: Overwrite HI-LO registers
In cycle 1537: Write $0 Error
In cycle 1540: Write $0 Error
In cycle 1541: Write $0 Error
In cycle 1545: Write $0 Error
In cycle 1549: Number Overflow
In cycle 1551: Overwrite HI-LO registers
In cycle 1561: Write $0 Error
In cycle 1562: Write $0 Error
In cycle 1574: Write $0 Error
In cycle 1587: Write $0 Error
In cycle 1587: Overwrite HI-LO registers
In cycle 1588: Write $0 Error
In cycle 1588: Overwrite HI-LO registers
In cycle 1591: Write $0 Error
In cycle 1594: Write $0 Error
In cycle 1595: Write $0 Error
In cycle 1599: Write $0 Error
In cycle 1603: Number Overflow
In cycle 1605: Overwrite HI-LO registers
In cycle 1615: Write $0 Error
In cycle 1616: Write $0 Error
In cycle 1628: Write $0 Error
In cycle 1641: Write $0 Error
In cycle 1641: Overwrite HI-LO registers
In cycle 1642: Write $0 Error
In cycle 1642: Overwrite HI-LO registers
In cycle 1645: Write $0 Error
In cycle 1648: Write $0 Error
In cycle 1649: Write $0 Error
In cycle 1653: Write $0 Error
In cycle 1657: Number Overflow
In cycle 1659: Overwrite HI-LO registers
In cycle 1669: Write $0 Error
In cycle 1670: Write $0 Error
In cycle 1682: Write $0 Error
In cycle 1695: Write $0 Error
In cycle 1695: Overwrite HI-LO registers
In cycle 1696: Write $0 Error
In cycle 1696: Overwrite HI-LO registers
In cycle 1699: Write $0 Error
In cycle 1702: Write $0 Error
In cycle 1703: Write $0 Error
In cycle 1707: Write $0 Error
In cycle 1711: Number Overflow
In cycle 1713: Overwrite HI-LO registers
In cycle 1723: Write $0 Error
In cycle 1724: Write $0 Error
In cycle 1736: Write $0 Error
In cycle 1749: Write $0 Error
In cycle 1749: Overwrite HI-LO registers
In cycle 1750: Write $0 Error
In cycle 1750: Overwrite HI-LO registers
In cycle 1753: Write $0 Error
In cycle 1756: Write $0 Error
In cycle 1757: Write $0 Error
In cycle 1761: Write $0 Error
In cycle 1765: Number Overflow
In cycle 1767: Overwrite HI-LO registers
In cycle 1777: Write $0 Error
In cycle 1778: Write $0 Error
In cycle 1790: Write $0 Error
In cycle 1803: Write $0 Error
In cycle 1803: Overwrite HI-LO registers
In cycle 1804: Write $0 Error
In cycle 1804: Overwrite HI-LO registers
In cycle 1807: Write $0 Error
In cycle 1810: Write $0 Error
In cycle 1811: Write $0 Error
In cycle 1815: Write $0 Error
In cycle 1819: Number Overflow
In cycle 1821: Overwrite HI-LO registers
In cycle 1831: Write $0 Error
In cycle 1832: Write $0 Error
In cycle 1844: Write $0 Error
In cycle 1857: Write $0 Error
In cycle 1857: Overwrite HI-LO registers
In cycle 1858: Write $0 Error
In cycle 1858: Overwrite HI-LO registers
In cycle 1861: Write $0 Error
In cycle 1864: Write $0 Error
In cycle 1865: Write $0 Error
In cycle 1869: Write $0 Error
In cycle 1873: Number Overflow
In cycle 1875: Overwrite HI-LO registers
In cycle 1885: Write $0 Error
In cycle 1886: Write $0 Error
In cycle 1898: Write $0 Error
In cycle 1911: Write $0 Error
In cycle 1911: Overwrite HI-LO registers
In cycle 1912: Write $0 Error
In cycle 1912: Overwrite HI-LO registers
In cycle 1915: Write $0 Error
In cycle 1918: Write $0 Error
In cycle 1919: Write $0 Error
In cycle 1923: Write $0 Error
In cycle 1927: Number Overflow
In cycle 1929: Overwrite HI-LO registers
In cycle 1939: Write $0 Error
In cycle 1940: Write $0 Error
In cycle 1952: Write $0 Error
In cycle 1965: Write $0 Error
In cycle 1965: Overwrite HI-LO registers
In cycle 1966: Write $0 Error
In cycle 1966: Overwrite HI-LO registers
In cycle 1969: Write $0 Error
In cycle 1972: Write $0 Error
In cycle 1973: Write $0 Error
In cycle 1977: Write $0 Error
In cycle 1981: Number Overflow
In cycle 1983: Overwrite HI-LO registers
In cycle 1993: Write $0 Error
In cycle 1994: Write $0 Error
In cycle 2006: Write $0 Error
In cycle 2019: Write $0 Error
In cycle 2019: Overwrite HI-LO registers
In cycle 2020: Write $0 Error
In cycle 2020: Overwrite HI-LO registers
In cycle 2023: Write $0 Error
In cycle 2026: Write $0 Error
In cycle 2027: Write $0 Error
In cycle 2031: Write $0 Error
In cycle 2035: Number Overflow
In cycle 2037: Overwrite HI-LO registers
In cycle 2047: Write $0 Error
In cycle 2048: Write $0 Error
In cycle 2060: Write $0 Error
In cycle 2073: Write $0 Error
In cycle 2073: Overwrite HI-LO registers
In cycle 2074: Write $0 Error
In cycle 2074: Overwrite HI-LO registers
In cycle 2077: Write $0 Error
In cycle 2080: Write $0 Error
In cycle 2081: Write $0 Error
In cycle 2085: Write $0 Error
In cycle 2089: Number Overflow
In cycle 2091: Overwrite HI-LO registers
In cycle 2101: Write $0 Error
In cycle 2102: Write $0 Error
In cycle 2114: Write $0 Error
In cycle 2127: Write $0 Error
In cycle 2127: Overwrite HI-LO registers
In cycle 2128: Write $0 Error
In cycle 2128: Overwrite HI-LO registers
In cycle 2131: Write $0 Error
In cycle 2134: Write $0 Error
In cycle 2135: Write $0 Error
In cycle 2139: Write $0 Error
In cycle 2143: Number Overflow
In cycle 2145: Overwrite HI-LO registers
In cycle 2155: Write $0 Error
In cycle 2156: Write $0 Error
In cycle 2173: Write $0 Error
In cycle 2238: Write $0 Error
In cycle 2266: Write $0 Error
In cycle 2267: Overwrite HI-LO registers
In cycle 2268: Overwrite HI-LO registers
In cycle 2271: Write $0 Error
In cycle 2273: Write $0 Error
In cycle 2276: Write $0 Error
In cycle 2333: Write $0 Error
In cycle 2336: Write $0 Error
In cycle 2337: Write $0 Error
In cycle 2345: Overwrite HI-LO registers
In cycle 2346: Overwrite HI-LO registers
In cycle 2349: Overwrite HI-LO registers
In cycle 2350: Overwrite HI-LO registers
In cycle 2352: Overwrite HI-LO registers
In cycle 2353: Write $0 Error
In cycle 2357: Write $0 Error
In cycle 2360: Overwrite HI-LO registers
In cycle 2386: Overwrite HI-LO registers
In cycle 2409: Write $0 Error
In cycle 2409: Address Overflow
In cycle 2409: Misalignment Error
In cycle 2409: Overwrite HI-LO registers
